---
source: tests/e2e.rs
expression: "&source.trim()"
---
fnm env | source
fnm install v10.11
fnm alias v10.11 test-alias
fnm ls | grep test-alias
fnm uninstall test-alias | grep Unaliased
fnm ls | grep -v test-alias
