---
source: tests/e2e.rs
expression: "&source.trim()"
---
fnm env | source
fnm install --lts
fnm ls | grep lts-latest
fnm use 'lts/*'
