---
source: tests/e2e.rs
expression: "&source.trim()"
---
fnm env | source
fnm ls
